[ ERROR ] Suite 'testDemo1' contains no tests in suite 'Tests.testDemo1'.

Try --help for usage information.
